  Determining projects to restore...
/usr/share/dotnet/sdk/10.0.102/Sdks/Microsoft.NET.Sdk/targets/Microsoft.NET.EolTargetFrameworks.targets(32,5): warning NETSDK1138: The target framework 'net6.0-windows' is out of support and will not receive security updates in the future. Please refer to https://aka.ms/dotnet-core-support for more information about the support policy. [/home/runner/work/DnDBattle/DnDBattle/DnDBattle/DnDBattle.csproj]
  All projects are up-to-date for restore.
/usr/share/dotnet/sdk/10.0.102/Sdks/Microsoft.NET.Sdk/targets/Microsoft.NET.EolTargetFrameworks.targets(32,5): warning NETSDK1138: The target framework 'net6.0-windows' is out of support and will not receive security updates in the future. Please refer to https://aka.ms/dotnet-core-support for more information about the support policy. [/home/runner/work/DnDBattle/DnDBattle/DnDBattle/DnDBattle.csproj]
/home/runner/work/DnDBattle/DnDBattle/DnDBattle/Services/ConditionEffectService.cs(220,18): error CS0101: The namespace 'DnDBattle.Services' already contains a definition for 'ConditionEffects' [/home/runner/work/DnDBattle/DnDBattle/DnDBattle/DnDBattle_dhhdrjso_wpftmp.csproj]
/home/runner/work/DnDBattle/DnDBattle/DnDBattle/Views/AreaEffectToolbar.xaml.cs(26,34): warning CS0108: 'AreaEffectToolbar.SizeChanged' hides inherited member 'FrameworkElement.SizeChanged'. Use the new keyword if hiding was intended. [/home/runner/work/DnDBattle/DnDBattle/DnDBattle/DnDBattle_dhhdrjso_wpftmp.csproj]
/home/runner/work/DnDBattle/DnDBattle/DnDBattle/Models/CreatureCategory.cs(12,50): warning CS8612: Nullability of reference types in type of 'event PropertyChangedEventHandler CreatureCategory.PropertyChanged' doesn't match implicitly implemented member 'event PropertyChangedEventHandler? INotifyPropertyChanged.PropertyChanged'. [/home/runner/work/DnDBattle/DnDBattle/DnDBattle/DnDBattle_dhhdrjso_wpftmp.csproj]
/home/runner/work/DnDBattle/DnDBattle/DnDBattle/Services/ConditionEffectService.cs(222,21): error CS0708: 'ConditionEffects.AttackAdvantage': cannot declare instance members in a static class [/home/runner/work/DnDBattle/DnDBattle/DnDBattle/DnDBattle_dhhdrjso_wpftmp.csproj]
/home/runner/work/DnDBattle/DnDBattle/DnDBattle/Services/ConditionEffectService.cs(223,21): error CS0708: 'ConditionEffects.AttackDisadvantage': cannot declare instance members in a static class [/home/runner/work/DnDBattle/DnDBattle/DnDBattle/DnDBattle_dhhdrjso_wpftmp.csproj]
/home/runner/work/DnDBattle/DnDBattle/DnDBattle/Services/ConditionEffectService.cs(224,21): error CS0708: 'ConditionEffects.AttacksAgainstHaveAdvantage': cannot declare instance members in a static class [/home/runner/work/DnDBattle/DnDBattle/DnDBattle/DnDBattle_dhhdrjso_wpftmp.csproj]
/home/runner/work/DnDBattle/DnDBattle/DnDBattle/Services/ConditionEffectService.cs(225,21): error CS0708: 'ConditionEffects.AttacksAgainstHaveDisadvantage': cannot declare instance members in a static class [/home/runner/work/DnDBattle/DnDBattle/DnDBattle/DnDBattle_dhhdrjso_wpftmp.csproj]
/home/runner/work/DnDBattle/DnDBattle/DnDBattle/Services/ConditionEffectService.cs(226,21): error CS0708: 'ConditionEffects.MeleeAttacksAgainstHaveAdvantage': cannot declare instance members in a static class [/home/runner/work/DnDBattle/DnDBattle/DnDBattle/DnDBattle_dhhdrjso_wpftmp.csproj]
/home/runner/work/DnDBattle/DnDBattle/DnDBattle/Services/ConditionEffectService.cs(227,21): error CS0708: 'ConditionEffects.RangedAttacksAgainstHaveDisadvantage': cannot declare instance members in a static class [/home/runner/work/DnDBattle/DnDBattle/DnDBattle/DnDBattle_dhhdrjso_wpftmp.csproj]
/home/runner/work/DnDBattle/DnDBattle/DnDBattle/Services/ConditionEffectService.cs(228,21): error CS0708: 'ConditionEffects.MeleeHitsAreCrits': cannot declare instance members in a static class [/home/runner/work/DnDBattle/DnDBattle/DnDBattle/DnDBattle_dhhdrjso_wpftmp.csproj]
/home/runner/work/DnDBattle/DnDBattle/DnDBattle/Services/ConditionEffectService.cs(229,21): error CS0708: 'ConditionEffects.AbilityCheckDisadvantage': cannot declare instance members in a static class [/home/runner/work/DnDBattle/DnDBattle/DnDBattle/DnDBattle_dhhdrjso_wpftmp.csproj]
/home/runner/work/DnDBattle/DnDBattle/DnDBattle/Services/ConditionEffectService.cs(230,21): error CS0708: 'ConditionEffects.DisadvantageWhileSourceVisible': cannot declare instance members in a static class [/home/runner/work/DnDBattle/DnDBattle/DnDBattle/DnDBattle_dhhdrjso_wpftmp.csproj]
/home/runner/work/DnDBattle/DnDBattle/DnDBattle/Services/ConditionEffectService.cs(231,21): error CS0708: 'ConditionEffects.DexSaveDisadvantage': cannot declare instance members in a static class [/home/runner/work/DnDBattle/DnDBattle/DnDBattle/DnDBattle_dhhdrjso_wpftmp.csproj]
/home/runner/work/DnDBattle/DnDBattle/DnDBattle/Services/ConditionEffectService.cs(232,21): error CS0708: 'ConditionEffects.AutoFailStrDexSaves': cannot declare instance members in a static class [/home/runner/work/DnDBattle/DnDBattle/DnDBattle/DnDBattle_dhhdrjso_wpftmp.csproj]
/home/runner/work/DnDBattle/DnDBattle/DnDBattle/Services/ConditionEffectService.cs(233,21): error CS0708: 'ConditionEffects.AutoFailSightChecks': cannot declare instance members in a static class [/home/runner/work/DnDBattle/DnDBattle/DnDBattle/DnDBattle_dhhdrjso_wpftmp.csproj]
/home/runner/work/DnDBattle/DnDBattle/DnDBattle/Services/ConditionEffectService.cs(234,21): error CS0708: 'ConditionEffects.AutoFailHearingChecks': cannot declare instance members in a static class [/home/runner/work/DnDBattle/DnDBattle/DnDBattle/DnDBattle_dhhdrjso_wpftmp.csproj]
/home/runner/work/DnDBattle/DnDBattle/DnDBattle/Services/ConditionEffectService.cs(235,21): error CS0708: 'ConditionEffects.SpeedZero': cannot declare instance members in a static class [/home/runner/work/DnDBattle/DnDBattle/DnDBattle/DnDBattle_dhhdrjso_wpftmp.csproj]
/home/runner/work/DnDBattle/DnDBattle/DnDBattle/Services/ConditionEffectService.cs(236,21): error CS0708: 'ConditionEffects.CantMove': cannot declare instance members in a static class [/home/runner/work/DnDBattle/DnDBattle/DnDBattle/DnDBattle_dhhdrjso_wpftmp.csproj]
/home/runner/work/DnDBattle/DnDBattle/DnDBattle/Services/ConditionEffectService.cs(237,21): error CS0708: 'ConditionEffects.MustCrawl': cannot declare instance members in a static class [/home/runner/work/DnDBattle/DnDBattle/DnDBattle/DnDBattle_dhhdrjso_wpftmp.csproj]
/home/runner/work/DnDBattle/DnDBattle/DnDBattle/Services/ConditionEffectService.cs(238,21): error CS0708: 'ConditionEffects.CantSpeak': cannot declare instance members in a static class [/home/runner/work/DnDBattle/DnDBattle/DnDBattle/DnDBattle_dhhdrjso_wpftmp.csproj]
/home/runner/work/DnDBattle/DnDBattle/DnDBattle/Services/ConditionEffectService.cs(239,21): error CS0708: 'ConditionEffects.SpeakFalteringly': cannot declare instance members in a static class [/home/runner/work/DnDBattle/DnDBattle/DnDBattle/DnDBattle_dhhdrjso_wpftmp.csproj]
/home/runner/work/DnDBattle/DnDBattle/DnDBattle/Services/ConditionEffectService.cs(240,21): error CS0708: 'ConditionEffects.CantTakeActions': cannot declare instance members in a static class [/home/runner/work/DnDBattle/DnDBattle/DnDBattle/DnDBattle_dhhdrjso_wpftmp.csproj]
/home/runner/work/DnDBattle/DnDBattle/DnDBattle/Services/ConditionEffectService.cs(241,21): error CS0708: 'ConditionEffects.CantTakeReactions': cannot declare instance members in a static class [/home/runner/work/DnDBattle/DnDBattle/DnDBattle/DnDBattle_dhhdrjso_wpftmp.csproj]
/home/runner/work/DnDBattle/DnDBattle/DnDBattle/Services/ConditionEffectService.cs(242,21): error CS0708: 'ConditionEffects.CantAttackCharmer': cannot declare instance members in a static class [/home/runner/work/DnDBattle/DnDBattle/DnDBattle/DnDBattle_dhhdrjso_wpftmp.csproj]
/home/runner/work/DnDBattle/DnDBattle/DnDBattle/Services/ConditionEffectService.cs(243,21): error CS0708: 'ConditionEffects.CharmerHasAdvantageOnSocial': cannot declare instance members in a static class [/home/runner/work/DnDBattle/DnDBattle/DnDBattle/DnDBattle_dhhdrjso_wpftmp.csproj]
/home/runner/work/DnDBattle/DnDBattle/DnDBattle/Services/ConditionEffectService.cs(244,21): error CS0708: 'ConditionEffects.CantMoveCloserToSource': cannot declare instance members in a static class [/home/runner/work/DnDBattle/DnDBattle/DnDBattle/DnDBattle_dhhdrjso_wpftmp.csproj]
/home/runner/work/DnDBattle/DnDBattle/DnDBattle/Services/ConditionEffectService.cs(245,21): error CS0708: 'ConditionEffects.Incapacitated': cannot declare instance members in a static class [/home/runner/work/DnDBattle/DnDBattle/DnDBattle/DnDBattle_dhhdrjso_wpftmp.csproj]
/home/runner/work/DnDBattle/DnDBattle/DnDBattle/Services/ConditionEffectService.cs(246,21): error CS0708: 'ConditionEffects.Unaware': cannot declare instance members in a static class [/home/runner/work/DnDBattle/DnDBattle/DnDBattle/DnDBattle_dhhdrjso_wpftmp.csproj]
/home/runner/work/DnDBattle/DnDBattle/DnDBattle/Services/ConditionEffectService.cs(247,21): error CS0708: 'ConditionEffects.DropItems': cannot declare instance members in a static class [/home/runner/work/DnDBattle/DnDBattle/DnDBattle/DnDBattle_dhhdrjso_wpftmp.csproj]
/home/runner/work/DnDBattle/DnDBattle/DnDBattle/Services/ConditionEffectService.cs(248,21): error CS0708: 'ConditionEffects.FallProne': cannot declare instance members in a static class [/home/runner/work/DnDBattle/DnDBattle/DnDBattle/DnDBattle_dhhdrjso_wpftmp.csproj]
/home/runner/work/DnDBattle/DnDBattle/DnDBattle/Services/ConditionEffectService.cs(249,21): error CS0708: 'ConditionEffects.ResistAllDamage': cannot declare instance members in a static class [/home/runner/work/DnDBattle/DnDBattle/DnDBattle/DnDBattle_dhhdrjso_wpftmp.csproj]
/home/runner/work/DnDBattle/DnDBattle/DnDBattle/Services/ConditionEffectService.cs(250,21): error CS0708: 'ConditionEffects.ImmuneToPoison': cannot declare instance members in a static class [/home/runner/work/DnDBattle/DnDBattle/DnDBattle/DnDBattle_dhhdrjso_wpftmp.csproj]
/home/runner/work/DnDBattle/DnDBattle/DnDBattle/Services/ConditionEffectService.cs(251,21): error CS0708: 'ConditionEffects.HasLevels': cannot declare instance members in a static class [/home/runner/work/DnDBattle/DnDBattle/DnDBattle/DnDBattle_dhhdrjso_wpftmp.csproj]
/home/runner/work/DnDBattle/DnDBattle/DnDBattle/Services/ConditionEffectService.cs(252,23): error CS0708: 'ConditionEffects.Description': cannot declare instance members in a static class [/home/runner/work/DnDBattle/DnDBattle/DnDBattle/DnDBattle_dhhdrjso_wpftmp.csproj]
/home/runner/work/DnDBattle/DnDBattle/DnDBattle/Services/ConditionEffectService.cs(11,40): error CS0722: 'ConditionEffects': static types cannot be used as return types [/home/runner/work/DnDBattle/DnDBattle/DnDBattle/DnDBattle_dhhdrjso_wpftmp.csproj]
/home/runner/work/DnDBattle/DnDBattle/DnDBattle/Views/CreatureEditorWindow.xaml.cs(30,54): warning CS8625: Cannot convert null literal to non-nullable reference type. [/home/runner/work/DnDBattle/DnDBattle/DnDBattle/DnDBattle_dhhdrjso_wpftmp.csproj]
/home/runner/work/DnDBattle/DnDBattle/DnDBattle/Models/Tiles/Tile.cs(13,50): warning CS8612: Nullability of reference types in type of 'event PropertyChangedEventHandler Tile.PropertyChanged' doesn't match implicitly implemented member 'event PropertyChangedEventHandler? INotifyPropertyChanged.PropertyChanged'. [/home/runner/work/DnDBattle/DnDBattle/DnDBattle/DnDBattle_dhhdrjso_wpftmp.csproj]
/home/runner/work/DnDBattle/DnDBattle/DnDBattle/Models/Tiles/TileDefinition.cs(9,50): warning CS8612: Nullability of reference types in type of 'event PropertyChangedEventHandler TileDefinition.PropertyChanged' doesn't match implicitly implemented member 'event PropertyChangedEventHandler? INotifyPropertyChanged.PropertyChanged'. [/home/runner/work/DnDBattle/DnDBattle/DnDBattle/DnDBattle_dhhdrjso_wpftmp.csproj]
/home/runner/work/DnDBattle/DnDBattle/DnDBattle/Views/Editors/HazardEditorDialog.xaml.cs(23,61): warning CS8625: Cannot convert null literal to non-nullable reference type. [/home/runner/work/DnDBattle/DnDBattle/DnDBattle/DnDBattle_dhhdrjso_wpftmp.csproj]
/home/runner/work/DnDBattle/DnDBattle/DnDBattle/Models/Tiles/TileMap.cs(13,50): warning CS8612: Nullability of reference types in type of 'event PropertyChangedEventHandler TileMap.PropertyChanged' doesn't match implicitly implemented member 'event PropertyChangedEventHandler? INotifyPropertyChanged.PropertyChanged'. [/home/runner/work/DnDBattle/DnDBattle/DnDBattle/DnDBattle_dhhdrjso_wpftmp.csproj]
/home/runner/work/DnDBattle/DnDBattle/DnDBattle/Views/Editors/HealingZoneEditorDialog.xaml.cs(22,71): warning CS8625: Cannot convert null literal to non-nullable reference type. [/home/runner/work/DnDBattle/DnDBattle/DnDBattle/DnDBattle_dhhdrjso_wpftmp.csproj]
/home/runner/work/DnDBattle/DnDBattle/DnDBattle/Views/Editors/InteractiveEditorDialog.xaml.cs(22,71): warning CS8625: Cannot convert null literal to non-nullable reference type. [/home/runner/work/DnDBattle/DnDBattle/DnDBattle/DnDBattle_dhhdrjso_wpftmp.csproj]
/home/runner/work/DnDBattle/DnDBattle/DnDBattle/Models/Tiles/TileMetadata.cs(12,50): warning CS8612: Nullability of reference types in type of 'event PropertyChangedEventHandler TileMetadata.PropertyChanged' doesn't match implicitly implemented member 'event PropertyChangedEventHandler? INotifyPropertyChanged.PropertyChanged'. [/home/runner/work/DnDBattle/DnDBattle/DnDBattle/DnDBattle_dhhdrjso_wpftmp.csproj]
/home/runner/work/DnDBattle/DnDBattle/DnDBattle/Views/Editors/SecretEditorDialog.xaml.cs(25,61): warning CS8625: Cannot convert null literal to non-nullable reference type. [/home/runner/work/DnDBattle/DnDBattle/DnDBattle/DnDBattle_dhhdrjso_wpftmp.csproj]
/home/runner/work/DnDBattle/DnDBattle/DnDBattle/Models/Wall.cs(22,50): warning CS8612: Nullability of reference types in type of 'event PropertyChangedEventHandler Wall.PropertyChanged' doesn't match implicitly implemented member 'event PropertyChangedEventHandler? INotifyPropertyChanged.PropertyChanged'. [/home/runner/work/DnDBattle/DnDBattle/DnDBattle/DnDBattle_dhhdrjso_wpftmp.csproj]
/home/runner/work/DnDBattle/DnDBattle/DnDBattle/Views/Editors/SpawnEditorDialog.xaml.cs(22,59): warning CS8625: Cannot convert null literal to non-nullable reference type. [/home/runner/work/DnDBattle/DnDBattle/DnDBattle/DnDBattle_dhhdrjso_wpftmp.csproj]
/home/runner/work/DnDBattle/DnDBattle/DnDBattle/Services/CreatureDatabaseService.cs(152,96): warning CS8625: Cannot convert null literal to non-nullable reference type. [/home/runner/work/DnDBattle/DnDBattle/DnDBattle/DnDBattle_dhhdrjso_wpftmp.csproj]
/home/runner/work/DnDBattle/DnDBattle/DnDBattle/Services/CreatureDatabaseService.cs(152,116): warning CS8625: Cannot convert null literal to non-nullable reference type. [/home/runner/work/DnDBattle/DnDBattle/DnDBattle/DnDBattle_dhhdrjso_wpftmp.csproj]
/home/runner/work/DnDBattle/DnDBattle/DnDBattle/Services/CreatureDatabaseService.cs(152,140): warning CS8625: Cannot convert null literal to non-nullable reference type. [/home/runner/work/DnDBattle/DnDBattle/DnDBattle/DnDBattle_dhhdrjso_wpftmp.csproj]
/home/runner/work/DnDBattle/DnDBattle/DnDBattle/Services/CreatureDatabaseService.cs(211,83): warning CS8625: Cannot convert null literal to non-nullable reference type. [/home/runner/work/DnDBattle/DnDBattle/DnDBattle/DnDBattle_dhhdrjso_wpftmp.csproj]
/home/runner/work/DnDBattle/DnDBattle/DnDBattle/Services/CreatureDatabaseService.cs(211,109): warning CS8625: Cannot convert null literal to non-nullable reference type. [/home/runner/work/DnDBattle/DnDBattle/DnDBattle/DnDBattle_dhhdrjso_wpftmp.csproj]
/home/runner/work/DnDBattle/DnDBattle/DnDBattle/Services/CreatureDatabaseService.cs(337,103): warning CS8625: Cannot convert null literal to non-nullable reference type. [/home/runner/work/DnDBattle/DnDBattle/DnDBattle/DnDBattle_dhhdrjso_wpftmp.csproj]
/home/runner/work/DnDBattle/DnDBattle/DnDBattle/Services/CreatureDatabaseService.cs(521,112): warning CS8625: Cannot convert null literal to non-nullable reference type. [/home/runner/work/DnDBattle/DnDBattle/DnDBattle/DnDBattle_dhhdrjso_wpftmp.csproj]
/home/runner/work/DnDBattle/DnDBattle/DnDBattle/Services/CreatureDatabaseService.cs(1009,33): warning CS8625: Cannot convert null literal to non-nullable reference type. [/home/runner/work/DnDBattle/DnDBattle/DnDBattle/DnDBattle_dhhdrjso_wpftmp.csproj]
/home/runner/work/DnDBattle/DnDBattle/DnDBattle/Services/CreatureDatabaseService.cs(1010,27): warning CS8625: Cannot convert null literal to non-nullable reference type. [/home/runner/work/DnDBattle/DnDBattle/DnDBattle/DnDBattle_dhhdrjso_wpftmp.csproj]
/home/runner/work/DnDBattle/DnDBattle/DnDBattle/Services/CreatureDatabaseService.cs(1011,31): warning CS8625: Cannot convert null literal to non-nullable reference type. [/home/runner/work/DnDBattle/DnDBattle/DnDBattle/DnDBattle_dhhdrjso_wpftmp.csproj]
/home/runner/work/DnDBattle/DnDBattle/DnDBattle/Services/CreatureDatabaseService.cs(1016,41): warning CS8625: Cannot convert null literal to non-nullable reference type. [/home/runner/work/DnDBattle/DnDBattle/DnDBattle/DnDBattle_dhhdrjso_wpftmp.csproj]
/home/runner/work/DnDBattle/DnDBattle/DnDBattle/Services/CreatureDatabaseService.cs(1274,106): warning CS8625: Cannot convert null literal to non-nullable reference type. [/home/runner/work/DnDBattle/DnDBattle/DnDBattle/DnDBattle_dhhdrjso_wpftmp.csproj]
/home/runner/work/DnDBattle/DnDBattle/DnDBattle/Views/Editors/TeleporterEditorDialog.xaml.cs(22,69): warning CS8625: Cannot convert null literal to non-nullable reference type. [/home/runner/work/DnDBattle/DnDBattle/DnDBattle/DnDBattle_dhhdrjso_wpftmp.csproj]
/home/runner/work/DnDBattle/DnDBattle/DnDBattle/Services/CreatureImageService.cs(43,39): warning CS8625: Cannot convert null literal to non-nullable reference type. [/home/runner/work/DnDBattle/DnDBattle/DnDBattle/DnDBattle_dhhdrjso_wpftmp.csproj]
/home/runner/work/DnDBattle/DnDBattle/DnDBattle/Services/CreatureImageService.cs(100,39): warning CS8625: Cannot convert null literal to non-nullable reference type. [/home/runner/work/DnDBattle/DnDBattle/DnDBattle/DnDBattle_dhhdrjso_wpftmp.csproj]
/home/runner/work/DnDBattle/DnDBattle/DnDBattle/Services/DiceHistoryService.cs(31,118): warning CS8625: Cannot convert null literal to non-nullable reference type. [/home/runner/work/DnDBattle/DnDBattle/DnDBattle/DnDBattle_dhhdrjso_wpftmp.csproj]
/home/runner/work/DnDBattle/DnDBattle/DnDBattle/Services/DiceHistoryService.cs(61,69): warning CS8625: Cannot convert null literal to non-nullable reference type. [/home/runner/work/DnDBattle/DnDBattle/DnDBattle/DnDBattle_dhhdrjso_wpftmp.csproj]
/home/runner/work/DnDBattle/DnDBattle/DnDBattle/Services/InitiativeManager.cs(64,94): warning CS8625: Cannot convert null literal to non-nullable reference type. [/home/runner/work/DnDBattle/DnDBattle/DnDBattle/DnDBattle_dhhdrjso_wpftmp.csproj]
/home/runner/work/DnDBattle/DnDBattle/DnDBattle/Views/QuickActionsSettingsWindow.xaml.cs(50,50): warning CS8625: Cannot convert null literal to non-nullable reference type. [/home/runner/work/DnDBattle/DnDBattle/DnDBattle/DnDBattle_dhhdrjso_wpftmp.csproj]
/home/runner/work/DnDBattle/DnDBattle/DnDBattle/Services/TileService/TileImportService.cs(23,130): warning CS8625: Cannot convert null literal to non-nullable reference type. [/home/runner/work/DnDBattle/DnDBattle/DnDBattle/DnDBattle_dhhdrjso_wpftmp.csproj]
/home/runner/work/DnDBattle/DnDBattle/DnDBattle/Views/TurnTimerDisplay.xaml.cs(32,21): warning CS0108: 'TurnTimerDisplay.IsEnabled' hides inherited member 'UIElement.IsEnabled'. Use the new keyword if hiding was intended. [/home/runner/work/DnDBattle/DnDBattle/DnDBattle/DnDBattle_dhhdrjso_wpftmp.csproj]
/home/runner/work/DnDBattle/DnDBattle/DnDBattle/Views/TagInputDialog.xaml.cs(38,110): warning CS8625: Cannot convert null literal to non-nullable reference type. [/home/runner/work/DnDBattle/DnDBattle/DnDBattle/DnDBattle_dhhdrjso_wpftmp.csproj]
/home/runner/work/DnDBattle/DnDBattle/DnDBattle/Views/TagInputDialog.xaml.cs(187,50): warning CS8612: Nullability of reference types in type of 'event PropertyChangedEventHandler TagItem.PropertyChanged' doesn't match implicitly implemented member 'event PropertyChangedEventHandler? INotifyPropertyChanged.PropertyChanged'. [/home/runner/work/DnDBattle/DnDBattle/DnDBattle/DnDBattle_dhhdrjso_wpftmp.csproj]
/home/runner/work/DnDBattle/DnDBattle/DnDBattle/Views/TileMap/TrapEditorDialog.xaml.cs(15,61): warning CS8625: Cannot convert null literal to non-nullable reference type. [/home/runner/work/DnDBattle/DnDBattle/DnDBattle/DnDBattle_dhhdrjso_wpftmp.csproj]

Build FAILED.

/usr/share/dotnet/sdk/10.0.102/Sdks/Microsoft.NET.Sdk/targets/Microsoft.NET.EolTargetFrameworks.targets(32,5): warning NETSDK1138: The target framework 'net6.0-windows' is out of support and will not receive security updates in the future. Please refer to https://aka.ms/dotnet-core-support for more information about the support policy. [/home/runner/work/DnDBattle/DnDBattle/DnDBattle/DnDBattle.csproj]
/usr/share/dotnet/sdk/10.0.102/Sdks/Microsoft.NET.Sdk/targets/Microsoft.NET.EolTargetFrameworks.targets(32,5): warning NETSDK1138: The target framework 'net6.0-windows' is out of support and will not receive security updates in the future. Please refer to https://aka.ms/dotnet-core-support for more information about the support policy. [/home/runner/work/DnDBattle/DnDBattle/DnDBattle/DnDBattle.csproj]
/home/runner/work/DnDBattle/DnDBattle/DnDBattle/Views/AreaEffectToolbar.xaml.cs(26,34): warning CS0108: 'AreaEffectToolbar.SizeChanged' hides inherited member 'FrameworkElement.SizeChanged'. Use the new keyword if hiding was intended. [/home/runner/work/DnDBattle/DnDBattle/DnDBattle/DnDBattle_dhhdrjso_wpftmp.csproj]
/home/runner/work/DnDBattle/DnDBattle/DnDBattle/Models/CreatureCategory.cs(12,50): warning CS8612: Nullability of reference types in type of 'event PropertyChangedEventHandler CreatureCategory.PropertyChanged' doesn't match implicitly implemented member 'event PropertyChangedEventHandler? INotifyPropertyChanged.PropertyChanged'. [/home/runner/work/DnDBattle/DnDBattle/DnDBattle/DnDBattle_dhhdrjso_wpftmp.csproj]
/home/runner/work/DnDBattle/DnDBattle/DnDBattle/Views/CreatureEditorWindow.xaml.cs(30,54): warning CS8625: Cannot convert null literal to non-nullable reference type. [/home/runner/work/DnDBattle/DnDBattle/DnDBattle/DnDBattle_dhhdrjso_wpftmp.csproj]
/home/runner/work/DnDBattle/DnDBattle/DnDBattle/Models/Tiles/Tile.cs(13,50): warning CS8612: Nullability of reference types in type of 'event PropertyChangedEventHandler Tile.PropertyChanged' doesn't match implicitly implemented member 'event PropertyChangedEventHandler? INotifyPropertyChanged.PropertyChanged'. [/home/runner/work/DnDBattle/DnDBattle/DnDBattle/DnDBattle_dhhdrjso_wpftmp.csproj]
/home/runner/work/DnDBattle/DnDBattle/DnDBattle/Models/Tiles/TileDefinition.cs(9,50): warning CS8612: Nullability of reference types in type of 'event PropertyChangedEventHandler TileDefinition.PropertyChanged' doesn't match implicitly implemented member 'event PropertyChangedEventHandler? INotifyPropertyChanged.PropertyChanged'. [/home/runner/work/DnDBattle/DnDBattle/DnDBattle/DnDBattle_dhhdrjso_wpftmp.csproj]
/home/runner/work/DnDBattle/DnDBattle/DnDBattle/Views/Editors/HazardEditorDialog.xaml.cs(23,61): warning CS8625: Cannot convert null literal to non-nullable reference type. [/home/runner/work/DnDBattle/DnDBattle/DnDBattle/DnDBattle_dhhdrjso_wpftmp.csproj]
/home/runner/work/DnDBattle/DnDBattle/DnDBattle/Models/Tiles/TileMap.cs(13,50): warning CS8612: Nullability of reference types in type of 'event PropertyChangedEventHandler TileMap.PropertyChanged' doesn't match implicitly implemented member 'event PropertyChangedEventHandler? INotifyPropertyChanged.PropertyChanged'. [/home/runner/work/DnDBattle/DnDBattle/DnDBattle/DnDBattle_dhhdrjso_wpftmp.csproj]
/home/runner/work/DnDBattle/DnDBattle/DnDBattle/Views/Editors/HealingZoneEditorDialog.xaml.cs(22,71): warning CS8625: Cannot convert null literal to non-nullable reference type. [/home/runner/work/DnDBattle/DnDBattle/DnDBattle/DnDBattle_dhhdrjso_wpftmp.csproj]
/home/runner/work/DnDBattle/DnDBattle/DnDBattle/Views/Editors/InteractiveEditorDialog.xaml.cs(22,71): warning CS8625: Cannot convert null literal to non-nullable reference type. [/home/runner/work/DnDBattle/DnDBattle/DnDBattle/DnDBattle_dhhdrjso_wpftmp.csproj]
/home/runner/work/DnDBattle/DnDBattle/DnDBattle/Models/Tiles/TileMetadata.cs(12,50): warning CS8612: Nullability of reference types in type of 'event PropertyChangedEventHandler TileMetadata.PropertyChanged' doesn't match implicitly implemented member 'event PropertyChangedEventHandler? INotifyPropertyChanged.PropertyChanged'. [/home/runner/work/DnDBattle/DnDBattle/DnDBattle/DnDBattle_dhhdrjso_wpftmp.csproj]
/home/runner/work/DnDBattle/DnDBattle/DnDBattle/Views/Editors/SecretEditorDialog.xaml.cs(25,61): warning CS8625: Cannot convert null literal to non-nullable reference type. [/home/runner/work/DnDBattle/DnDBattle/DnDBattle/DnDBattle_dhhdrjso_wpftmp.csproj]
/home/runner/work/DnDBattle/DnDBattle/DnDBattle/Models/Wall.cs(22,50): warning CS8612: Nullability of reference types in type of 'event PropertyChangedEventHandler Wall.PropertyChanged' doesn't match implicitly implemented member 'event PropertyChangedEventHandler? INotifyPropertyChanged.PropertyChanged'. [/home/runner/work/DnDBattle/DnDBattle/DnDBattle/DnDBattle_dhhdrjso_wpftmp.csproj]
/home/runner/work/DnDBattle/DnDBattle/DnDBattle/Views/Editors/SpawnEditorDialog.xaml.cs(22,59): warning CS8625: Cannot convert null literal to non-nullable reference type. [/home/runner/work/DnDBattle/DnDBattle/DnDBattle/DnDBattle_dhhdrjso_wpftmp.csproj]
/home/runner/work/DnDBattle/DnDBattle/DnDBattle/Services/CreatureDatabaseService.cs(152,96): warning CS8625: Cannot convert null literal to non-nullable reference type. [/home/runner/work/DnDBattle/DnDBattle/DnDBattle/DnDBattle_dhhdrjso_wpftmp.csproj]
/home/runner/work/DnDBattle/DnDBattle/DnDBattle/Services/CreatureDatabaseService.cs(152,116): warning CS8625: Cannot convert null literal to non-nullable reference type. [/home/runner/work/DnDBattle/DnDBattle/DnDBattle/DnDBattle_dhhdrjso_wpftmp.csproj]
/home/runner/work/DnDBattle/DnDBattle/DnDBattle/Services/CreatureDatabaseService.cs(152,140): warning CS8625: Cannot convert null literal to non-nullable reference type. [/home/runner/work/DnDBattle/DnDBattle/DnDBattle/DnDBattle_dhhdrjso_wpftmp.csproj]
/home/runner/work/DnDBattle/DnDBattle/DnDBattle/Services/CreatureDatabaseService.cs(211,83): warning CS8625: Cannot convert null literal to non-nullable reference type. [/home/runner/work/DnDBattle/DnDBattle/DnDBattle/DnDBattle_dhhdrjso_wpftmp.csproj]
/home/runner/work/DnDBattle/DnDBattle/DnDBattle/Services/CreatureDatabaseService.cs(211,109): warning CS8625: Cannot convert null literal to non-nullable reference type. [/home/runner/work/DnDBattle/DnDBattle/DnDBattle/DnDBattle_dhhdrjso_wpftmp.csproj]
/home/runner/work/DnDBattle/DnDBattle/DnDBattle/Services/CreatureDatabaseService.cs(337,103): warning CS8625: Cannot convert null literal to non-nullable reference type. [/home/runner/work/DnDBattle/DnDBattle/DnDBattle/DnDBattle_dhhdrjso_wpftmp.csproj]
/home/runner/work/DnDBattle/DnDBattle/DnDBattle/Services/CreatureDatabaseService.cs(521,112): warning CS8625: Cannot convert null literal to non-nullable reference type. [/home/runner/work/DnDBattle/DnDBattle/DnDBattle/DnDBattle_dhhdrjso_wpftmp.csproj]
/home/runner/work/DnDBattle/DnDBattle/DnDBattle/Services/CreatureDatabaseService.cs(1009,33): warning CS8625: Cannot convert null literal to non-nullable reference type. [/home/runner/work/DnDBattle/DnDBattle/DnDBattle/DnDBattle_dhhdrjso_wpftmp.csproj]
/home/runner/work/DnDBattle/DnDBattle/DnDBattle/Services/CreatureDatabaseService.cs(1010,27): warning CS8625: Cannot convert null literal to non-nullable reference type. [/home/runner/work/DnDBattle/DnDBattle/DnDBattle/DnDBattle_dhhdrjso_wpftmp.csproj]
/home/runner/work/DnDBattle/DnDBattle/DnDBattle/Services/CreatureDatabaseService.cs(1011,31): warning CS8625: Cannot convert null literal to non-nullable reference type. [/home/runner/work/DnDBattle/DnDBattle/DnDBattle/DnDBattle_dhhdrjso_wpftmp.csproj]
/home/runner/work/DnDBattle/DnDBattle/DnDBattle/Services/CreatureDatabaseService.cs(1016,41): warning CS8625: Cannot convert null literal to non-nullable reference type. [/home/runner/work/DnDBattle/DnDBattle/DnDBattle/DnDBattle_dhhdrjso_wpftmp.csproj]
/home/runner/work/DnDBattle/DnDBattle/DnDBattle/Services/CreatureDatabaseService.cs(1274,106): warning CS8625: Cannot convert null literal to non-nullable reference type. [/home/runner/work/DnDBattle/DnDBattle/DnDBattle/DnDBattle_dhhdrjso_wpftmp.csproj]
/home/runner/work/DnDBattle/DnDBattle/DnDBattle/Views/Editors/TeleporterEditorDialog.xaml.cs(22,69): warning CS8625: Cannot convert null literal to non-nullable reference type. [/home/runner/work/DnDBattle/DnDBattle/DnDBattle/DnDBattle_dhhdrjso_wpftmp.csproj]
/home/runner/work/DnDBattle/DnDBattle/DnDBattle/Services/CreatureImageService.cs(43,39): warning CS8625: Cannot convert null literal to non-nullable reference type. [/home/runner/work/DnDBattle/DnDBattle/DnDBattle/DnDBattle_dhhdrjso_wpftmp.csproj]
/home/runner/work/DnDBattle/DnDBattle/DnDBattle/Services/CreatureImageService.cs(100,39): warning CS8625: Cannot convert null literal to non-nullable reference type. [/home/runner/work/DnDBattle/DnDBattle/DnDBattle/DnDBattle_dhhdrjso_wpftmp.csproj]
/home/runner/work/DnDBattle/DnDBattle/DnDBattle/Services/DiceHistoryService.cs(31,118): warning CS8625: Cannot convert null literal to non-nullable reference type. [/home/runner/work/DnDBattle/DnDBattle/DnDBattle/DnDBattle_dhhdrjso_wpftmp.csproj]
/home/runner/work/DnDBattle/DnDBattle/DnDBattle/Services/DiceHistoryService.cs(61,69): warning CS8625: Cannot convert null literal to non-nullable reference type. [/home/runner/work/DnDBattle/DnDBattle/DnDBattle/DnDBattle_dhhdrjso_wpftmp.csproj]
/home/runner/work/DnDBattle/DnDBattle/DnDBattle/Services/InitiativeManager.cs(64,94): warning CS8625: Cannot convert null literal to non-nullable reference type. [/home/runner/work/DnDBattle/DnDBattle/DnDBattle/DnDBattle_dhhdrjso_wpftmp.csproj]
/home/runner/work/DnDBattle/DnDBattle/DnDBattle/Views/QuickActionsSettingsWindow.xaml.cs(50,50): warning CS8625: Cannot convert null literal to non-nullable reference type. [/home/runner/work/DnDBattle/DnDBattle/DnDBattle/DnDBattle_dhhdrjso_wpftmp.csproj]
/home/runner/work/DnDBattle/DnDBattle/DnDBattle/Services/TileService/TileImportService.cs(23,130): warning CS8625: Cannot convert null literal to non-nullable reference type. [/home/runner/work/DnDBattle/DnDBattle/DnDBattle/DnDBattle_dhhdrjso_wpftmp.csproj]
/home/runner/work/DnDBattle/DnDBattle/DnDBattle/Views/TurnTimerDisplay.xaml.cs(32,21): warning CS0108: 'TurnTimerDisplay.IsEnabled' hides inherited member 'UIElement.IsEnabled'. Use the new keyword if hiding was intended. [/home/runner/work/DnDBattle/DnDBattle/DnDBattle/DnDBattle_dhhdrjso_wpftmp.csproj]
/home/runner/work/DnDBattle/DnDBattle/DnDBattle/Views/TagInputDialog.xaml.cs(38,110): warning CS8625: Cannot convert null literal to non-nullable reference type. [/home/runner/work/DnDBattle/DnDBattle/DnDBattle/DnDBattle_dhhdrjso_wpftmp.csproj]
/home/runner/work/DnDBattle/DnDBattle/DnDBattle/Views/TagInputDialog.xaml.cs(187,50): warning CS8612: Nullability of reference types in type of 'event PropertyChangedEventHandler TagItem.PropertyChanged' doesn't match implicitly implemented member 'event PropertyChangedEventHandler? INotifyPropertyChanged.PropertyChanged'. [/home/runner/work/DnDBattle/DnDBattle/DnDBattle/DnDBattle_dhhdrjso_wpftmp.csproj]
/home/runner/work/DnDBattle/DnDBattle/DnDBattle/Views/TileMap/TrapEditorDialog.xaml.cs(15,61): warning CS8625: Cannot convert null literal to non-nullable reference type. [/home/runner/work/DnDBattle/DnDBattle/DnDBattle/DnDBattle_dhhdrjso_wpftmp.csproj]
/home/runner/work/DnDBattle/DnDBattle/DnDBattle/Services/ConditionEffectService.cs(220,18): error CS0101: The namespace 'DnDBattle.Services' already contains a definition for 'ConditionEffects' [/home/runner/work/DnDBattle/DnDBattle/DnDBattle/DnDBattle_dhhdrjso_wpftmp.csproj]
/home/runner/work/DnDBattle/DnDBattle/DnDBattle/Services/ConditionEffectService.cs(222,21): error CS0708: 'ConditionEffects.AttackAdvantage': cannot declare instance members in a static class [/home/runner/work/DnDBattle/DnDBattle/DnDBattle/DnDBattle_dhhdrjso_wpftmp.csproj]
/home/runner/work/DnDBattle/DnDBattle/DnDBattle/Services/ConditionEffectService.cs(223,21): error CS0708: 'ConditionEffects.AttackDisadvantage': cannot declare instance members in a static class [/home/runner/work/DnDBattle/DnDBattle/DnDBattle/DnDBattle_dhhdrjso_wpftmp.csproj]
/home/runner/work/DnDBattle/DnDBattle/DnDBattle/Services/ConditionEffectService.cs(224,21): error CS0708: 'ConditionEffects.AttacksAgainstHaveAdvantage': cannot declare instance members in a static class [/home/runner/work/DnDBattle/DnDBattle/DnDBattle/DnDBattle_dhhdrjso_wpftmp.csproj]
/home/runner/work/DnDBattle/DnDBattle/DnDBattle/Services/ConditionEffectService.cs(225,21): error CS0708: 'ConditionEffects.AttacksAgainstHaveDisadvantage': cannot declare instance members in a static class [/home/runner/work/DnDBattle/DnDBattle/DnDBattle/DnDBattle_dhhdrjso_wpftmp.csproj]
/home/runner/work/DnDBattle/DnDBattle/DnDBattle/Services/ConditionEffectService.cs(226,21): error CS0708: 'ConditionEffects.MeleeAttacksAgainstHaveAdvantage': cannot declare instance members in a static class [/home/runner/work/DnDBattle/DnDBattle/DnDBattle/DnDBattle_dhhdrjso_wpftmp.csproj]
/home/runner/work/DnDBattle/DnDBattle/DnDBattle/Services/ConditionEffectService.cs(227,21): error CS0708: 'ConditionEffects.RangedAttacksAgainstHaveDisadvantage': cannot declare instance members in a static class [/home/runner/work/DnDBattle/DnDBattle/DnDBattle/DnDBattle_dhhdrjso_wpftmp.csproj]
/home/runner/work/DnDBattle/DnDBattle/DnDBattle/Services/ConditionEffectService.cs(228,21): error CS0708: 'ConditionEffects.MeleeHitsAreCrits': cannot declare instance members in a static class [/home/runner/work/DnDBattle/DnDBattle/DnDBattle/DnDBattle_dhhdrjso_wpftmp.csproj]
/home/runner/work/DnDBattle/DnDBattle/DnDBattle/Services/ConditionEffectService.cs(229,21): error CS0708: 'ConditionEffects.AbilityCheckDisadvantage': cannot declare instance members in a static class [/home/runner/work/DnDBattle/DnDBattle/DnDBattle/DnDBattle_dhhdrjso_wpftmp.csproj]
/home/runner/work/DnDBattle/DnDBattle/DnDBattle/Services/ConditionEffectService.cs(230,21): error CS0708: 'ConditionEffects.DisadvantageWhileSourceVisible': cannot declare instance members in a static class [/home/runner/work/DnDBattle/DnDBattle/DnDBattle/DnDBattle_dhhdrjso_wpftmp.csproj]
/home/runner/work/DnDBattle/DnDBattle/DnDBattle/Services/ConditionEffectService.cs(231,21): error CS0708: 'ConditionEffects.DexSaveDisadvantage': cannot declare instance members in a static class [/home/runner/work/DnDBattle/DnDBattle/DnDBattle/DnDBattle_dhhdrjso_wpftmp.csproj]
/home/runner/work/DnDBattle/DnDBattle/DnDBattle/Services/ConditionEffectService.cs(232,21): error CS0708: 'ConditionEffects.AutoFailStrDexSaves': cannot declare instance members in a static class [/home/runner/work/DnDBattle/DnDBattle/DnDBattle/DnDBattle_dhhdrjso_wpftmp.csproj]
/home/runner/work/DnDBattle/DnDBattle/DnDBattle/Services/ConditionEffectService.cs(233,21): error CS0708: 'ConditionEffects.AutoFailSightChecks': cannot declare instance members in a static class [/home/runner/work/DnDBattle/DnDBattle/DnDBattle/DnDBattle_dhhdrjso_wpftmp.csproj]
/home/runner/work/DnDBattle/DnDBattle/DnDBattle/Services/ConditionEffectService.cs(234,21): error CS0708: 'ConditionEffects.AutoFailHearingChecks': cannot declare instance members in a static class [/home/runner/work/DnDBattle/DnDBattle/DnDBattle/DnDBattle_dhhdrjso_wpftmp.csproj]
/home/runner/work/DnDBattle/DnDBattle/DnDBattle/Services/ConditionEffectService.cs(235,21): error CS0708: 'ConditionEffects.SpeedZero': cannot declare instance members in a static class [/home/runner/work/DnDBattle/DnDBattle/DnDBattle/DnDBattle_dhhdrjso_wpftmp.csproj]
/home/runner/work/DnDBattle/DnDBattle/DnDBattle/Services/ConditionEffectService.cs(236,21): error CS0708: 'ConditionEffects.CantMove': cannot declare instance members in a static class [/home/runner/work/DnDBattle/DnDBattle/DnDBattle/DnDBattle_dhhdrjso_wpftmp.csproj]
/home/runner/work/DnDBattle/DnDBattle/DnDBattle/Services/ConditionEffectService.cs(237,21): error CS0708: 'ConditionEffects.MustCrawl': cannot declare instance members in a static class [/home/runner/work/DnDBattle/DnDBattle/DnDBattle/DnDBattle_dhhdrjso_wpftmp.csproj]
/home/runner/work/DnDBattle/DnDBattle/DnDBattle/Services/ConditionEffectService.cs(238,21): error CS0708: 'ConditionEffects.CantSpeak': cannot declare instance members in a static class [/home/runner/work/DnDBattle/DnDBattle/DnDBattle/DnDBattle_dhhdrjso_wpftmp.csproj]
/home/runner/work/DnDBattle/DnDBattle/DnDBattle/Services/ConditionEffectService.cs(239,21): error CS0708: 'ConditionEffects.SpeakFalteringly': cannot declare instance members in a static class [/home/runner/work/DnDBattle/DnDBattle/DnDBattle/DnDBattle_dhhdrjso_wpftmp.csproj]
/home/runner/work/DnDBattle/DnDBattle/DnDBattle/Services/ConditionEffectService.cs(240,21): error CS0708: 'ConditionEffects.CantTakeActions': cannot declare instance members in a static class [/home/runner/work/DnDBattle/DnDBattle/DnDBattle/DnDBattle_dhhdrjso_wpftmp.csproj]
/home/runner/work/DnDBattle/DnDBattle/DnDBattle/Services/ConditionEffectService.cs(241,21): error CS0708: 'ConditionEffects.CantTakeReactions': cannot declare instance members in a static class [/home/runner/work/DnDBattle/DnDBattle/DnDBattle/DnDBattle_dhhdrjso_wpftmp.csproj]
/home/runner/work/DnDBattle/DnDBattle/DnDBattle/Services/ConditionEffectService.cs(242,21): error CS0708: 'ConditionEffects.CantAttackCharmer': cannot declare instance members in a static class [/home/runner/work/DnDBattle/DnDBattle/DnDBattle/DnDBattle_dhhdrjso_wpftmp.csproj]
/home/runner/work/DnDBattle/DnDBattle/DnDBattle/Services/ConditionEffectService.cs(243,21): error CS0708: 'ConditionEffects.CharmerHasAdvantageOnSocial': cannot declare instance members in a static class [/home/runner/work/DnDBattle/DnDBattle/DnDBattle/DnDBattle_dhhdrjso_wpftmp.csproj]
/home/runner/work/DnDBattle/DnDBattle/DnDBattle/Services/ConditionEffectService.cs(244,21): error CS0708: 'ConditionEffects.CantMoveCloserToSource': cannot declare instance members in a static class [/home/runner/work/DnDBattle/DnDBattle/DnDBattle/DnDBattle_dhhdrjso_wpftmp.csproj]
/home/runner/work/DnDBattle/DnDBattle/DnDBattle/Services/ConditionEffectService.cs(245,21): error CS0708: 'ConditionEffects.Incapacitated': cannot declare instance members in a static class [/home/runner/work/DnDBattle/DnDBattle/DnDBattle/DnDBattle_dhhdrjso_wpftmp.csproj]
/home/runner/work/DnDBattle/DnDBattle/DnDBattle/Services/ConditionEffectService.cs(246,21): error CS0708: 'ConditionEffects.Unaware': cannot declare instance members in a static class [/home/runner/work/DnDBattle/DnDBattle/DnDBattle/DnDBattle_dhhdrjso_wpftmp.csproj]
/home/runner/work/DnDBattle/DnDBattle/DnDBattle/Services/ConditionEffectService.cs(247,21): error CS0708: 'ConditionEffects.DropItems': cannot declare instance members in a static class [/home/runner/work/DnDBattle/DnDBattle/DnDBattle/DnDBattle_dhhdrjso_wpftmp.csproj]
/home/runner/work/DnDBattle/DnDBattle/DnDBattle/Services/ConditionEffectService.cs(248,21): error CS0708: 'ConditionEffects.FallProne': cannot declare instance members in a static class [/home/runner/work/DnDBattle/DnDBattle/DnDBattle/DnDBattle_dhhdrjso_wpftmp.csproj]
/home/runner/work/DnDBattle/DnDBattle/DnDBattle/Services/ConditionEffectService.cs(249,21): error CS0708: 'ConditionEffects.ResistAllDamage': cannot declare instance members in a static class [/home/runner/work/DnDBattle/DnDBattle/DnDBattle/DnDBattle_dhhdrjso_wpftmp.csproj]
/home/runner/work/DnDBattle/DnDBattle/DnDBattle/Services/ConditionEffectService.cs(250,21): error CS0708: 'ConditionEffects.ImmuneToPoison': cannot declare instance members in a static class [/home/runner/work/DnDBattle/DnDBattle/DnDBattle/DnDBattle_dhhdrjso_wpftmp.csproj]
/home/runner/work/DnDBattle/DnDBattle/DnDBattle/Services/ConditionEffectService.cs(251,21): error CS0708: 'ConditionEffects.HasLevels': cannot declare instance members in a static class [/home/runner/work/DnDBattle/DnDBattle/DnDBattle/DnDBattle_dhhdrjso_wpftmp.csproj]
/home/runner/work/DnDBattle/DnDBattle/DnDBattle/Services/ConditionEffectService.cs(252,23): error CS0708: 'ConditionEffects.Description': cannot declare instance members in a static class [/home/runner/work/DnDBattle/DnDBattle/DnDBattle/DnDBattle_dhhdrjso_wpftmp.csproj]
/home/runner/work/DnDBattle/DnDBattle/DnDBattle/Services/ConditionEffectService.cs(11,40): error CS0722: 'ConditionEffects': static types cannot be used as return types [/home/runner/work/DnDBattle/DnDBattle/DnDBattle/DnDBattle_dhhdrjso_wpftmp.csproj]
    39 Warning(s)
    33 Error(s)

Time Elapsed 00:00:02.14
